Statement for BigCo
  Hamlet: $650.00 (55 seats)
  As You Like It: $547.00 (35 seats)
  Othello: $456.00 (40 seats)
  Henry V: $705.00 (20 seats)
  King John: $931.00 (39 seats)
  Henry V: $705.00 (20 seats)
Amount owed is $3,995.00
You earned 56 credits
